<html>
<body>
<pre>
<h1>µVision Build Log</h1>
<h2>Project:</h2>
C:\Keil\EECS 3100\Project Templates\HW 2\HW2.uvproj
Project File Date:  05/22/2017

<h2>Output:</h2>
Rebuild target 'Target 1'
compiling main.c...
assembling startup.s...
compiling question2.c...
linking...
Program Size: Code=940 RO-data=16 RW-data=0 ZI-data=1120  
".\HW2.axf" - 0 Error(s), 0 Warning(s).

linking...
Program Size: Code=940 RO-data=16 RW-data=0 ZI-data=1120  
".\HW2.axf" - 0 Error(s), 1 Warning(s).
.axf: Error: L6200E: Symbol main multiply defined (by question2.o and main.o).
Not enough information to list image symbols.
Not enough information to list the image map.
Finished: 2 information, 0 warning and 2 error messages.
".\HW2.axf" - 2 Error(s), 1 Warning(s).
Target not created
